[backblue.gif]
[fade.gif]
[index.html]
[www.samartheng.com/assets/plugins/modernizr.min.js]
[www.samartheng.com/assets/images/logo.png]
[www.samartheng.com/assets/images/sliderbg1.jpg]
[www.samartheng.com/assets/images/slider-1-up.jpg]
[www.samartheng.com/assets/images/sliderbg2.jpg]
[www.samartheng.com/assets/images/slider-2-up.jpg]
[www.samartheng.com/assets/images/CNC-Laser-Cutting-home.jpg]
[www.samartheng.com/assets/images/CNC-Plasma-Cutting-home.jpg]
[www.samartheng.com/assets/images/CNC-Oxy-Fuel-Cutting-home.jpg]
[www.samartheng.com/assets/images/logo_footer.png]
[www.samartheng.com/assets/plugins/jquery-2.2.3.min.js]
[www.samartheng.com/assets/plugins/jquery.easing.1.3.js]
[www.samartheng.com/assets/plugins/jquery.cookie.js]
[www.samartheng.com/assets/plugins/jquery.appear.js]
[www.samartheng.com/assets/plugins/jquery.isotope.js]
[www.samartheng.com/assets/plugins/masonry.js]
[www.samartheng.com/assets/plugins/bootstrap/js/bootstrap.min.js]
[www.samartheng.com/assets/plugins/magnific-popup/jquery.magnific-popup.min.js]
[www.samartheng.com/assets/plugins/owl-carousel/owl.carousel.min.js]
[www.samartheng.com/assets/plugins/stellar/jquery.stellar.min.js]
[www.samartheng.com/assets/plugins/knob/js/jquery.knob.js]
[www.samartheng.com/assets/plugins/jquery.backstretch.min.js]
[www.samartheng.com/assets/plugins/superslides/dist/jquery.superslides.min.js]
[www.samartheng.com/assets/plugins/mediaelement/build/mediaelement-and-player.min.js]
[www.samartheng.com/assets/plugins/slider.revolution.v4/js/jquery.themepunch.tools.min.js]
[www.samartheng.com/assets/plugins/slider.revolution.v4/js/jquery.themepunch.revolution.min.js]
[www.samartheng.com/assets/js/slider_revolution.js]
[www.samartheng.com/index.html]
[www.samartheng.com/assets/plugins/bootstrap/fonts/glyphicons-halflings-regular.eot]
[www.samartheng.com/assets/plugins/bootstrap/fonts/glyphicons-halflings-regulard41dd41d.eot]
[www.samartheng.com/assets/plugins/bootstrap/fonts/glyphicons-halflings-regular.woff2]
[www.samartheng.com/assets/plugins/bootstrap/fonts/glyphicons-halflings-regular.woff]
[www.samartheng.com/assets/plugins/bootstrap/fonts/glyphicons-halflings-regular.ttf]
[www.samartheng.com/assets/plugins/bootstrap/css/bootstrap.min.css]
[www.samartheng.com/assets/fonts/fontawesome-webfont3e6e3e6e.eot]
[www.samartheng.com/assets/fonts/fontawesome-webfontd41dd41d.eot]
[www.samartheng.com/assets/fonts/fontawesome-webfont3e6e3e6e.woff2]
[www.samartheng.com/assets/fonts/fontawesome-webfont3e6e3e6e.woff]
[www.samartheng.com/assets/fonts/fontawesome-webfont3e6e3e6e.ttf]
[www.samartheng.com/assets/css/font-awesome.css]
[www.samartheng.com/assets/plugins/owl-carousel/grabbing.png]
[www.samartheng.com/assets/plugins/owl-carousel/owl.carousel.css]
[www.samartheng.com/assets/plugins/owl-carousel/AjaxLoader.gif]
[www.samartheng.com/assets/plugins/owl-carousel/owl.theme.css]
[www.samartheng.com/assets/plugins/owl-carousel/owl.transitions.css]
[www.samartheng.com/assets/plugins/magnific-popup/magnific-popup.css]
[www.samartheng.com/assets/css/animate.css]
[www.samartheng.com/assets/images/slider_pagebullet.png]
[www.samartheng.com/assets/css/superslides.css]
[www.samartheng.com/assets/plugins/slider.revolution.v4/images/gradient/g30.png]
[www.samartheng.com/assets/plugins/slider.revolution.v4/images/gradient/g40.png]
[www.samartheng.com/assets/plugins/slider.revolution.v4/assets/shadow1.png]
[www.samartheng.com/assets/plugins/slider.revolution.v4/assets/shadow2.png]
[www.samartheng.com/assets/plugins/slider.revolution.v4/assets/shadow3.png]
[www.samartheng.com/assets/plugins/slider.revolution.v4/assets/gridtile.png]
[www.samartheng.com/assets/plugins/slider.revolution.v4/assets/gridtile_white.png]
[www.samartheng.com/assets/plugins/slider.revolution.v4/assets/gridtile_3x3.png]
[www.samartheng.com/assets/plugins/slider.revolution.v4/assets/gridtile_3x3_white.png]
[www.samartheng.com/assets/plugins/slider.revolution.v4/assets/boxed_bgtile.png]
[www.samartheng.com/assets/plugins/slider.revolution.v4/assets/navigdots_bgtile.png]
[www.samartheng.com/assets/plugins/slider.revolution.v4/assets/bullet.png]
[www.samartheng.com/assets/plugins/slider.revolution.v4/assets/bullets.png]
[www.samartheng.com/assets/plugins/slider.revolution.v4/assets/bullets2.png]
[www.samartheng.com/assets/plugins/slider.revolution.v4/assets/bullet_boxed.png]
[www.samartheng.com/assets/plugins/slider.revolution.v4/assets/navigdots.png]
[www.samartheng.com/assets/plugins/slider.revolution.v4/assets/large_left.png]
[www.samartheng.com/assets/plugins/slider.revolution.v4/assets/large_right.png]
[www.samartheng.com/assets/plugins/slider.revolution.v4/assets/small_left.png]
[www.samartheng.com/assets/plugins/slider.revolution.v4/assets/small_right.png]
[www.samartheng.com/assets/plugins/slider.revolution.v4/assets/arrow_left.png]
[www.samartheng.com/assets/plugins/slider.revolution.v4/assets/arrow_right.png]
[www.samartheng.com/assets/plugins/slider.revolution.v4/assets/small_left_boxed.png]
[www.samartheng.com/assets/plugins/slider.revolution.v4/assets/small_right_boxed.png]
[www.samartheng.com/assets/plugins/slider.revolution.v4/assets/arrowleft.png]
[www.samartheng.com/assets/plugins/slider.revolution.v4/assets/arrowright.png]
[www.samartheng.com/assets/plugins/slider.revolution.v4/assets/arrow_left2.png]
[www.samartheng.com/assets/plugins/slider.revolution.v4/assets/arrow_right2.png]
[www.samartheng.com/assets/plugins/slider.revolution.v4/assets/timer.png]
[www.samartheng.com/assets/plugins/slider.revolution.v4/assets/coloredbg.png]
[www.samartheng.com/assets/plugins/slider.revolution.v4/assets/loader.gif]
[www.samartheng.com/assets/plugins/slider.revolution.v4/font/revicons90c690c6.eot]
[www.samartheng.com/assets/plugins/slider.revolution.v4/font/revicons90c690c6.woff]
[www.samartheng.com/assets/plugins/slider.revolution.v4/font/revicons90c690c6.ttf]
[www.samartheng.com/assets/plugins/slider.revolution.v4/css/settings.css]
[www.samartheng.com/assets/images/female.png]
[www.samartheng.com/assets/images/male.png]
[www.samartheng.com/assets/images/patterns/pattern1.png]
[www.samartheng.com/assets/images/patterns/pattern2.png]
[www.samartheng.com/assets/images/patterns/pattern3.png]
[www.samartheng.com/assets/images/patterns/pattern4.png]
[www.samartheng.com/assets/images/patterns/pattern5.png]
[www.samartheng.com/assets/images/patterns/pattern6.png]
[www.samartheng.com/assets/images/patterns/pattern7.png]
[www.samartheng.com/assets/images/patterns/pattern8.png]
[www.samartheng.com/assets/images/patterns/pattern9.png]
[www.samartheng.com/assets/images/patterns/pattern10.png]
[www.samartheng.com/assets/css/essentials.css]
[www.samartheng.com/assets/images/header_shadow.png]
[www.samartheng.com/assets/images/loading.gif]
[www.samartheng.com/assets/images/footer_sprite.png]
[www.samartheng.com/assets/css/layout.css]
[www.samartheng.com/assets/css/layout-responsive.css]
[www.samartheng.com/assets/css/color_scheme/orange.css]
[www.samartheng.com/assets/css/color_scheme/red.css]
[www.samartheng.com/assets/css/color_scheme/pink.css]
[www.samartheng.com/assets/css/color_scheme/yellow.css]
[www.samartheng.com/assets/css/color_scheme/darkgreen.css]
[www.samartheng.com/assets/css/color_scheme/green.css]
[www.samartheng.com/assets/css/color_scheme/darkblue.css]
[www.samartheng.com/assets/css/color_scheme/blue.css]
[www.samartheng.com/assets/css/color_scheme/brown.css]
[www.samartheng.com/assets/css/color_scheme/lightgrey.css]
[www.samartheng.com/assets/plugins/styleswitcher/styleswitcher.html]
[www.samartheng.com/Default.html]
[www.samartheng.com/assets/images/about_1.jpg]
[www.samartheng.com/assets/images/2.jpg]
[www.samartheng.com/assets/images/3.jpg]
[www.samartheng.com/about-us.html]
[www.samartheng.com/Capabilities.html]
[www.samartheng.com/assets/images/CNC-Laser-Cutting.jpg]
[www.samartheng.com/assets/images/CNC-Oxy-Fuel-Cutting.jpg]
[www.samartheng.com/assets/images/CNC-Plasma-Cutting.jpg]
[www.samartheng.com/products.html]
[www.samartheng.com/assets/images/brands/tushaco.jpg]
[www.samartheng.com/assets/images/brands/delta.jpg]
[www.samartheng.com/assets/images/brands/kabra.jpg]
[www.samartheng.com/assets/images/brands/pump.jpg]
[www.samartheng.com/assets/images/brands/polycab.jpg]
[www.samartheng.com/assets/images/brands/vapi-aci.jpg]
[www.samartheng.com/clients.html]
[www.samartheng.com/assets/images/Gallery/1.jpg]
[www.samartheng.com/assets/images/Gallery/2.jpg]
[www.samartheng.com/assets/images/Gallery/3.jpg]
[www.samartheng.com/assets/images/Gallery/4.jpg]
[www.samartheng.com/assets/images/Gallery/5.jpg]
[www.samartheng.com/assets/images/Gallery/6.jpg]
[www.samartheng.com/assets/images/Gallery/7.jpg]
[www.samartheng.com/assets/images/Gallery/8.jpg]
[www.samartheng.com/assets/images/Gallery/9.jpg]
[www.samartheng.com/assets/images/Gallery/10.jpg]
[www.samartheng.com/assets/images/Gallery/11.jpg]
[www.samartheng.com/gallery.html]
[www.samartheng.com/contact-us.html]
[www.samartheng.com/assets/plugins/styleswitcher/styleswitcher-2.html]
[www.samartheng.com/assets/plugins/bootstrap/fonts/glyphicons-halflings-regular.svg]
[www.samartheng.com/assets/fonts/fontawesome-webfont3e6e3e6e.svg]
[www.samartheng.com/assets/plugins/slider.revolution.v4/font/revicons90c690c6.svg]
[www.samartheng.com/WebResource2ca8.js]
[www.samartheng.com/WebResource834c.js]
[www.samartheng.com/POST.html]
